I'm sorry, but errors were detected in your script. Please correct the
errors listed below, and try again.


File "game/dictionaries/main.rpy", line 12: invalid syntax
    config.key "K_LEFT" action NullAction()
                ^

File "game/dictionaries/main.rpy", line 13: invalid syntax
    config.key "KP_LEFT" action NullAction()
                ^

File "game/dictionaries/main.rpy", line 14: invalid syntax
    config.key "K_RIGHT" action NullAction()
                ^

File "game/dictionaries/main.rpy", line 15: invalid syntax
    config.key "KP_RIGHT" action NullAction()
                ^

File "game/dictionaries/main.rpy", line 16: invalid syntax
    config.key "K_UP" action NullAction()
                ^

File "game/dictionaries/main.rpy", line 17: invalid syntax
    config.key "KP_UP" action NullAction()
                ^

File "game/dictionaries/main.rpy", line 18: invalid syntax
    config.key "K_DOWN" action NullAction()
                ^

File "game/dictionaries/main.rpy", line 19: invalid syntax
    config.key "KP_DOWN" action NullAction()
                ^

Ren'Py Version: Ren'Py 8.3.6.25022803
Sat Jun 21 23:27:05 2025
